Starting a Gradle Daemon (subsequent builds will be faster)
Configuration on demand is an incubating feature.
> Task :preBuild UP-TO-DATE
> Task :preDebugBuild UP-TO-DATE
> Task :mergeDebugNativeDebugMetadata NO-SOURCE
> Task :checkKotlinGradlePluginConfigurationErrors
> Task :checkDebugAarMetadata UP-TO-DATE
> Task :generateDebugResValues UP-TO-DATE
> Task :mapDebugSourceSetPaths UP-TO-DATE
> Task :generateDebugResources UP-TO-DATE
> Task :mergeDebugResources UP-TO-DATE
> Task :createDebugCompatibleScreenManifests UP-TO-DATE
> Task :extractDeepLinksDebug UP-TO-DATE
> Task :processDebugMainManifest UP-TO-DATE
> Task :processDebugManifest UP-TO-DATE
> Task :processDebugManifestForPackage UP-TO-DATE
> Task :processDebugResources UP-TO-DATE
> Task :kspDebugKotlin UP-TO-DATE
> Task :javaPreCompileDebug UP-TO-DATE
> Task :mergeDebugShaders UP-TO-DATE
> Task :compileDebugShaders NO-SOURCE
> Task :generateDebugAssets UP-TO-DATE
> Task :mergeDebugAssets UP-TO-DATE
> Task :compressDebugAssets UP-TO-DATE
> Task :l8DexDesugarLibDebug UP-TO-DATE
> Task :desugarDebugFileDependencies UP-TO-DATE
> Task :checkDebugDuplicateClasses UP-TO-DATE
> Task :mergeDebugStartupProfile UP-TO-DATE
> Task :mergeExtDexDebug UP-TO-DATE
> Task :mergeLibDexDebug UP-TO-DATE
> Task :mergeDebugJniLibFolders UP-TO-DATE
> Task :mergeDebugNativeLibs NO-SOURCE
> Task :stripDebugDebugSymbols NO-SOURCE
> Task :validateSigningDebug UP-TO-DATE
> Task :writeDebugAppMetadata UP-TO-DATE
> Task :writeDebugSigningConfigVersions UP-TO-DATE
> Task :compileDebugKotlin
./gradlew : e: file:///C:/Users/adhik/Downloads
/DKGS%20LABS/Ring/FitnessAndroidApp/src/main/ko
tlin/com/fitness/app/presentation/wellness/scre
ens/MeditationScreens.kt:72:59 Unresolved 
reference. None of the following candidates is 
applicable because of receiver type mismatch: 
At line:1 char:1
+ ./gradlew assembleDebug > build_output.txt 
2>&1; cat build_output.txt
+ 
~~~~~~~~~~~~~~~~~~~~~~~~~~~~~~~~~~~~~~~~~~~~~~~
    + CategoryInfo          : NotSpecified: 
(e: file:///C:/U...type mismatch: :String) [], 
Rem    oteException
    + FullyQualifiedErrorId : 
NativeCommandError
 
public val Icons.Filled.ArrowBack: ImageVector 
defined in 
androidx.compose.material.icons.filled
e: file:///C:/Users/adhik/Downloads/DKGS%20LABS
/Ring/FitnessAndroidApp/src/main/kotlin/com/fit
ness/app/presentation/wellness/screens/Meditati
onScreens.kt:451:51 Unresolved reference. None 
of the following candidates is applicable 
because of receiver type mismatch: 
public val Icons.Filled.ArrowBack: ImageVector 
defined in 
androidx.compose.material.icons.filled

> Task :compileDebugKotlin FAILED

FAILURE: Build failed with an exception.

* What went wrong:
Execution failed for task 
':compileDebugKotlin'.
> A failure occurred while executing org.jetbra
ins.kotlin.compilerRunner.GradleCompilerRunnerW
ithWorkers$GradleKotlinCompilerWorkAction
   > Compilation error. See log for more 
details

* Try:
> Run with --stacktrace option to get the 
stack trace.
> Run with --info or --debug option to get 
more log output.
> Run with --scan to get full insights.
> Get more help at https://help.gradle.org.

BUILD FAILED in 1m 13s
28 actionable tasks: 2 executed, 26 up-to-date
